esteban@debian:~/Desktop/SOLVO/Proyecto/Herramientas/Django/Django-Tutorial$ git status
On branch master
Your branch is up-to-date with 'origin/master'.
Changes to be committed:
  (use "git reset HEAD <file>..." to unstage)

        new file:   .gitignore

esteban@debian:~/Desktop/SOLVO/Proyecto/Herramientas/Django/Django-Tutorial$ git commit
[master 526dc0d] Archivo .gitignore
 1 file changed, 8 insertions(+)
 create mode 100644 .gitignore
esteban@debian:~/Desktop/SOLVO/Proyecto/Herramientas/Django/Django-Tutorial$ status
bash: status: command not found
esteban@debian:~/Desktop/SOLVO/Proyecto/Herramientas/Django/Django-Tutorial$ git status
On branch master
Your branch is ahead of 'origin/master' by 1 commit.
  (use "git push" to publish your local commits)
nothing to commit, working tree clean
esteban@debian:~/Desktop/SOLVO/Proyecto/Herramientas/Django/Django-Tutorial$ git push
Username for 'https://github.com': GuillermoECS
Password for 'https://GuillermoECS@github.com':
remote: Invalid username or password.
fatal: Authentication failed for 'https://github.com/GuillermoECS/Django-Tutorial/'
esteban@debian:~/Desktop/SOLVO/Proyecto/Herramientas/Django/Django-Tutorial$ git push
Username for 'https://github.com': GuillermoECS
Password for 'https://GuillermoECS@github.com':
Counting objects: 3, done.
Delta compression using up to 2 threads.
Compressing objects: 100% (3/3), done.
Writing objects: 100% (3/3), 509 bytes | 0 bytes/s, done.
Total 3 (delta 1), reused 0 (delta 0)
remote: Resolving deltas: 100% (1/1), completed with 1 local object.
To https://github.com/GuillermoECS/Django-Tutorial
   21d5681..526dc0d  master -> master
esteban@debian:~/Desktop/SOLVO/Proyecto/Herramientas/Django/Django-Tutorial$ git status
On branch master
Your branch is up-to-date with 'origin/master'.
nothing to commit, working tree clean
esteban@debian:~/Desktop/SOLVO/Proyecto/Herramientas/Django/Django-Tutorial$ ls
env  LICENSE  mysite  Pruebas_terminal_1  README.md
esteban@debian:~/Desktop/SOLVO/Proyecto/Herramientas/Django/Django-Tutorial$ git rm /mysite/db.sqlite3
fatal: Could not switch to '/mysite/': No such file or directory
esteban@debian:~/Desktop/SOLVO/Proyecto/Herramientas/Django/Django-Tutorial$ git rm db.sqlite3
fatal: pathspec 'db.sqlite3' did not match any files
esteban@debian:~/Desktop/SOLVO/Proyecto/Herramientas/Django/Django-Tutorial$ git rm db.sqlite3
fatal: pathspec 'db.sqlite3' did not match any files
esteban@debian:~/Desktop/SOLVO/Proyecto/Herramientas/Django/Django-Tutorial$ cd mysite
esteban@debian:~/Desktop/SOLVO/Proyecto/Herramientas/Django/Django-Tutorial/mysite$ git rm db.sqlite3
rm 'mysite/db.sqlite3'
esteban@debian:~/Desktop/SOLVO/Proyecto/Herramientas/Django/Django-Tutorial/mysite$ git status
On branch master
Your branch is up-to-date with 'origin/master'.
Changes to be committed:
  (use "git reset HEAD <file>..." to unstage)

        deleted:    db.sqlite3

esteban@debian:~/Desktop/SOLVO/Proyecto/Herramientas/Django/Django-Tutorial/mysite$ git commit -m "remove db.sqlite3"
[master db48e53] remove db.sqlite3
 1 file changed, 0 insertions(+), 0 deletions(-)
 delete mode 100644 mysite/db.sqlite3
esteban@debian:~/Desktop/SOLVO/Proyecto/Herramientas/Django/Django-Tutorial/mysite$ git push
Username for 'https://github.com': GuillermoECS
Password for 'https://GuillermoECS@github.com':
Counting objects: 3, done.
Delta compression using up to 2 threads.
Compressing objects: 100% (3/3), done.
Writing objects: 100% (3/3), 294 bytes | 0 bytes/s, done.
Total 3 (delta 2), reused 0 (delta 0)
remote: Resolving deltas: 100% (2/2), completed with 2 local objects.
To https://github.com/GuillermoECS/Django-Tutorial
   526dc0d..db48e53  master -> master
esteban@debian:~/Desktop/SOLVO/Proyecto/Herramientas/Django/Django-Tutorial/mysite$ git status
On branch master
Your branch is up-to-date with 'origin/master'.
nothing to commit, working tree clean
esteban@debian:~/Desktop/SOLVO/Proyecto/Herramientas/Django/Django-Tutorial/mysite$ ^C
esteban@debian:~/Desktop/SOLVO/Proyecto/Herramientas/Django/Django-Tutorial/mysite$ ^C
esteban@debian:~/Desktop/SOLVO/Proyecto/Herramientas/Django/Django-Tutorial/mysite$